grieve sizes {'lincoln': (581, 254113), 'hay': (892, 499496)} target 241407
  w1 done in 1.8s
  w2 done in 4.5s
  w3 done in 5.6s
  c3 done in 4.8s
  c4 done in 10.4s
  c5 done in 17.9s
  c6 done in 28.5s
  c7 done in 35.1s
  c8 done in 43.1s
  c9 done in 44.4s
  c10 done in 48.3s
  c11 done in 53.1s
  c12 done in 54.7s
  c13 done in 53.5s
  c14 done in 51.2s
  c15 done in 46.7s
  c16 done in 46.5s
{
 "specials": {
  "c3": {
   "null": {
    "hay": 1
   },
   "lincoln": {
    "tie": 1,
    "lincoln": 2,
    "hay": 2
   },
   "hay_for_lincoln": {
    "tie": 2,
    "hay": 2
   },
   "hay": {
    "tie": 1
   }
  },
  "c4": {
   "null": {
    "hay": 1
   },
   "lincoln": {
    "lincoln": 4,
    "hay": 1
   },
   "hay_for_lincoln": {
    "lincoln": 2,
    "hay": 2
   },
   "hay": {
    "hay": 1
   }
  },
  "c5": {
   "null": {
    "hay": 1
   },
   "lincoln": {
    "hay": 5
   },
   "hay_for_lincoln": {
    "lincoln": 2,
    "hay": 2
   },
   "hay": {
    "hay": 1
   }
  },
  "c6": {
   "null": {
    "hay": 1
   },
   "lincoln": {
    "lincoln": 1,
    "hay": 4
   },
   "hay_for_lincoln": {
    "lincoln": 1,
    "hay": 3
   },
   "hay": {
    "hay": 1
   }
  },
  "c7": {
   "null": {
    "hay": 1
   },
   "lincoln": {
    "lincoln": 2,
    "hay": 3
   },
   "hay_for_lincoln": {
    "lincoln": 1,
    "hay": 3
   },
   "hay": {
    "hay": 1
   }
  },
  "c8": {
   "null": {
    "hay": 1
   },
   "lincoln": {
    "lincoln": 2,
    "hay": 3
   },
   "hay_for_lincoln": {
    "lincoln": 2,
    "hay": 2
   },
   "hay": {
    "hay": 1
   }
  },
  "c9": {
   "null": {
    "hay": 1
   },
   "lincoln": {
    "lincoln": 3,
    "hay": 2
   },
   "hay_for_lincoln": {
    "lincoln": 2,
    "hay": 2
   },
   "hay": {
    "hay": 1
   }
  },
  "c10": {
   "null": {
    "hay": 1
   },
   "lincoln": {
    "lincoln": 3,
    "hay": 2
   },
   "hay_for_lincoln": {
    "lincoln": 1,
    "hay": 3
   },
   "hay": {
    "hay": 1
   }
  },
  "c11": {
   "null": {
    "hay": 1
   },
   "lincoln": {
    "lincoln": 4,
    "hay": 1
   },
   "hay_for_lincoln": {
    "lincoln": 1,
    "hay": 3
   },
   "hay": {
    "hay": 1
   }
  },
  "c12": {
   "null": {
    "hay": 1
   },
   "lincoln": {
    "lincoln": 5
   },
   "hay_for_lincoln": {
    "lincoln": 1,
    "hay": 3
   },
   "hay": {
    "hay": 1
   }
  },
  "c13": {
   "null": {
    "hay": 1
   },
   "lincoln": {
    "lincoln": 5
   },
   "hay_for_lincoln": {
    "lincoln": 1,
    "hay": 3
   },
   "hay": {
    "hay": 1
   }
  },
  "c14": {
   "null": {
    "hay": 1
   },
   "lincoln": {
    "lincoln": 5
   },
   "hay_for_lincoln": {
    "hay": 4
   },
   "hay": {
    "hay": 1
   }
  },
  "c15": {
   "null": {
    "hay": 1
   },
   "lincoln": {
    "lincoln": 4,
    "hay": 1
   },
   "hay_for_lincoln": {
    "hay": 4
   },
   "hay": {
    "hay": 1
   }
  },
  "c16": {
   "null": {
    "hay": 1
   },
   "lincoln": {
    "lincoln": 4,
    "hay": 1
   },
   "hay_for_lincoln": {
    "hay": 4
   },
   "hay": {
    "hay": 1
   }
  },
  "w1": {
   "null": {
    "hay": 1
   },
   "lincoln": {
    "lincoln": 2,
    "hay": 3
   },
   "hay_for_lincoln": {
    "hay": 4
   },
   "hay": {
    "hay": 1
   }
  },
  "w2": {
   "null": {
    "hay": 1
   },
   "lincoln": {
    "lincoln": 4,
    "hay": 1
   },
   "hay_for_lincoln": {
    "lincoln": 1,
    "hay": 3
   },
   "hay": {
    "hay": 1
   }
  },
  "w3": {
   "null": {
    "hay": 1
   },
   "lincoln": {
    "lincoln": 4,
    "hay": 1
   },
   "hay_for_lincoln": {
    "lincoln": 1,
    "hay": 3
   },
   "hay": {
    "hay": 1
   }
  },
  "vote_c4-10": {
   "null": {
    "hay": 1
   },
   "lincoln": {
    "lincoln": 2,
    "hay": 3
   },
   "hay_for_lincoln": {
    "lincoln": 2,
    "hay": 2
   },
   "hay": {
    "hay": 1
   }
  }
 }
}
