mine sizes {'lincoln': (580, 242957), 'hay': (891, 495338)} frac 0.95 nseq 20 seed 0 target 159173
  w1 done in 1.4s
  w2 done in 3.0s
  w3 done in 3.4s
  c3 done in 4.2s
  c4 done in 6.8s
  c5 done in 9.6s
  c6 done in 12.9s
  c7 done in 16.1s
  c8 done in 20.2s
  c9 done in 21.3s
  c10 done in 19.8s
  c11 done in 22.2s
  c12 done in 20.1s
  c13 done in 18.3s
  c14 done in 19.4s
  c15 done in 17.4s
  c16 done in 22.4s
{
 "lincoln": {
  "n": 63,
  "wrong_c4_10": 24,
  "ties": 0,
  "wrong_all17": 9,
  "wrong_ids": [
   "basler-VII-0654#0 L1/H6",
   "basler-VII-0654#2 L3/H4",
   "basler-VII-0765 L0/H7",
   "basler-VIII-0334 L2/H5",
   "basler-VIII-0657 L3/H4",
   "L6-0135#3 L1/H6",
   "L6-0204#0 L3/H4",
   "L6-0204#3 L0/H7",
   "L6-0204#5 L3/H4",
   "L6-0232#0 L3/H4",
   "L6-0294#0 L3/H4",
   "L6-0476 L3/H4",
   "L6-0481 L2/H5",
   "L7-0276#1 L0/H7",
   "L7-0276#2 L3/H4",
   "sp_gettysburg#0 L2/H5",
   "sp_gettysburg#1 L1/H6",
   "sp_second_inaugural#2 L3/H4",
   "sp_second_inaugural#3 L2/H5",
   "sp_second_inaugural#4 L0/H7",
   "sp_mccullough L3/H4",
   "sp_ellsworth#0 L0/H7",
   "sp_ellsworth#1 L2/H5",
   "sp_gurney#0 L3/H4"
  ]
 },
 "hay": {
  "n": 57,
  "wrong_c4_10": 2,
  "ties": 0,
  "wrong_all17": 5,
  "wrong_ids": [
   "hay_ellsworth_15 L4/H3",
   "hay_baker_07 L5/H2"
  ]
 },
 "bixby": {
  "c4_10": {
   "hay": 7
  },
  "all17": {
   "hay": 17
  },
  "margins": {
   "w1": -0.0808,
   "w2": -0.1172,
   "w3": -0.0316,
   "c3": -0.0008,
   "c4": -0.0143,
   "c5": -0.0452,
   "c6": -0.0764,
   "c7": -0.0919,
   "c8": -0.0926,
   "c9": -0.0922,
   "c10": -0.0824,
   "c11": -0.0648,
   "c12": -0.0409,
   "c13": -0.0321,
   "c14": -0.021,
   "c15": -0.0167,
   "c16": -0.0116
  }
 }
}
