nodebates sizes {'lincoln': (561, 159173), 'hay': (891, 495338)} frac 0.95 nseq 20 seed 0 target 242957
  w1 done in 1.4s
  w2 done in 3.0s
  w3 done in 3.4s
  c3 done in 4.6s
  c4 done in 7.5s
  c5 done in 10.4s
  c6 done in 14.4s
  c7 done in 19.9s
  c8 done in 25.7s
  c9 done in 25.0s
  c10 done in 28.6s
  c11 done in 27.3s
  c12 done in 25.0s
  c13 done in 21.1s
  c14 done in 24.5s
  c15 done in 23.8s
  c16 done in 24.5s
{
 "lincoln": {
  "n": 63,
  "wrong_c4_10": 54,
  "ties": 0,
  "wrong_all17": 43,
  "wrong_ids": [
   "basler-IV-0294 L2/H5",
   "basler-VII-0606#0 L2/H5",
   "basler-VII-0606#2 L3/H4",
   "basler-VII-0606#3 L0/H7",
   "basler-VII-0606#4 L0/H7",
   "basler-VII-0654#0 L1/H6",
   "basler-VII-0654#1 L3/H4",
   "basler-VII-0654#2 L0/H7",
   "basler-VII-0654#3 L1/H6",
   "basler-VII-0654#4 L2/H5",
   "basler-VII-0654#5 L3/H4",
   "basler-VII-0708 L0/H7",
   "basler-VII-0765 L0/H7",
   "basler-VIII-0334 L0/H7",
   "basler-VIII-0434 L3/H4",
   "basler-VIII-0657 L0/H7",
   "basler-VIII-0724 L1/H6",
   "L6-0134 L0/H7",
   "L6-0135#1 L3/H4",
   "L6-0135#2 L0/H7",
   "L6-0135#3 L0/H7",
   "L6-0135#5 L0/H7",
   "L6-0150#0 L1/H6",
   "L6-0204#0 L0/H7",
   "L6-0204#1 L0/H7",
   "L6-0204#2 L0/H7",
   "L6-0204#3 L0/H7",
   "L6-0204#5 L0/H7",
   "L6-0232#0 L0/H7",
   "L6-0232#1 L0/H7",
   "L6-0232#2 L3/H4",
   "L6-0294#0 L1/H6",
   "L6-0294#1 L2/H5",
   "L6-0308 L0/H7",
   "L6-0476 L0/H7",
   "L6-0481 L0/H7",
   "L6-0509#0 L2/H5",
   "L6-0509#1 L0/H7",
   "L7-0012 L0/H7",
   "L7-0116 L0/H7",
   "L7-0276#0 L1/H6",
   "L7-0276#1 L1/H6",
   "L7-0276#2 L1/H6",
   "sp_gettysburg#0 L0/H7",
   "sp_gettysburg#1 L0/H7",
   "sp_second_inaugural#0 L1/H6",
   "sp_second_inaugural#1 L3/H4",
   "sp_second_inaugural#2 L0/H7",
   "sp_second_inaugural#3 L0/H7",
   "sp_second_inaugural#4 L0/H7",
   "sp_mccullough L0/H7",
   "sp_ellsworth#0 L0/H7",
   "sp_ellsworth#1 L0/H7",
   "sp_gurney#0 L0/H7"
  ]
 },
 "hay": {
  "n": 57,
  "wrong_c4_10": 1,
  "ties": 0,
  "wrong_all17": 1,
  "wrong_ids": [
   "hay_baker_07 L4/H3"
  ]
 },
 "bixby": {
  "c4_10": {
   "hay": 7
  },
  "all17": {
   "hay": 17
  },
  "margins": {
   "w1": -0.0744,
   "w2": -0.1562,
   "w3": -0.0633,
   "c3": -0.0022,
   "c4": -0.0168,
   "c5": -0.0496,
   "c6": -0.0987,
   "c7": -0.1198,
   "c8": -0.1209,
   "c9": -0.1252,
   "c10": -0.1257,
   "c11": -0.1065,
   "c12": -0.08,
   "c13": -0.0655,
   "c14": -0.0424,
   "c15": -0.0306,
   "c16": -0.0196
  }
 }
}
