theirs sizes {'lincoln': (505, 192405), 'hay': (892, 499877)} frac 0.95 nseq 20 seed 0 target 182784
  w1 done in 1.5s
  w2 done in 2.7s
  w3 done in 3.1s
  c3 done in 3.9s
  c4 done in 7.1s
  c5 done in 11.3s
  c6 done in 16.0s
  c7 done in 15.3s
  c8 done in 21.9s
  c9 done in 24.1s
  c10 done in 20.1s
  c11 done in 19.7s
  c12 done in 26.5s
  c13 done in 20.5s
  c14 done in 20.7s
  c15 done in 22.8s
  c16 done in 22.7s
{
 "lincoln": {
  "n": 63,
  "wrong_c4_10": 19,
  "ties": 0,
  "wrong_all17": 8,
  "wrong_ids": [
   "basler-VII-0654#0 L2/H5",
   "basler-VII-0654#2 L2/H5",
   "basler-VII-0765 L0/H7",
   "basler-VIII-0724 L3/H4",
   "L6-0135#3 L1/H6",
   "L6-0135#5 L3/H4",
   "L6-0204#0 L3/H4",
   "L6-0204#1 L3/H4",
   "L6-0204#3 L0/H7",
   "L6-0232#0 L2/H5",
   "L6-0476 L2/H5",
   "L6-0481 L3/H4",
   "L7-0012 L1/H6",
   "sp_gettysburg#0 L2/H5",
   "sp_gettysburg#1 L2/H5",
   "sp_second_inaugural#3 L1/H6",
   "sp_second_inaugural#4 L1/H6",
   "sp_ellsworth#0 L0/H7",
   "sp_ellsworth#1 L1/H6"
  ]
 },
 "hay": {
  "n": 57,
  "wrong_c4_10": 2,
  "ties": 0,
  "wrong_all17": 5,
  "wrong_ids": [
   "hay_baker_06 L7/H0",
   "hay_baker_07 L7/H0"
  ]
 },
 "bixby": {
  "c4_10": {
   "hay": 7
  },
  "all17": {
   "hay": 17
  },
  "margins": {
   "w1": -0.0576,
   "w2": -0.1367,
   "w3": -0.0531,
   "c3": -0.0022,
   "c4": -0.0139,
   "c5": -0.0414,
   "c6": -0.078,
   "c7": -0.0908,
   "c8": -0.0859,
   "c9": -0.0905,
   "c10": -0.0936,
   "c11": -0.0799,
   "c12": -0.065,
   "c13": -0.0601,
   "c14": -0.0456,
   "c15": -0.037,
   "c16": -0.0258
  }
 }
}
