theirs sizes {'lincoln': (505, 192405), 'hay': (892, 499877)} frac 1.0 nseq 50 seed 0 target 192405
  w1 done in 2.6s
  w2 done in 8.2s
  w3 done in 9.8s
  c3 done in 10.2s
  c4 done in 23.8s
  c5 done in 35.2s
  c6 done in 50.6s
  c7 done in 57.8s
  c8 done in 49.5s
  c9 done in 50.8s
  c10 done in 52.9s
  c11 done in 57.6s
  c12 done in 54.9s
  c13 done in 53.9s
  c14 done in 57.1s
  c15 done in 51.3s
  c16 done in 50.7s
{
 "lincoln": {
  "n": 63,
  "wrong_c4_10": 19,
  "ties": 0,
  "wrong_all17": 7,
  "wrong_ids": [
   "basler-VII-0654#0 L2/H5",
   "basler-VII-0654#2 L2/H5",
   "basler-VII-0765 L0/H7",
   "basler-VIII-0724 L3/H4",
   "L6-0135#3 L1/H6",
   "L6-0135#5 L3/H4",
   "L6-0204#0 L3/H4",
   "L6-0204#1 L3/H4",
   "L6-0204#3 L0/H7",
   "L6-0232#0 L2/H5",
   "L6-0476 L2/H5",
   "L6-0481 L3/H4",
   "L7-0012 L1/H6",
   "sp_gettysburg#0 L2/H5",
   "sp_gettysburg#1 L2/H5",
   "sp_second_inaugural#3 L1/H6",
   "sp_second_inaugural#4 L0/H7",
   "sp_ellsworth#0 L0/H7",
   "sp_ellsworth#1 L2/H5"
  ]
 },
 "hay": {
  "n": 57,
  "wrong_c4_10": 2,
  "ties": 0,
  "wrong_all17": 5,
  "wrong_ids": [
   "hay_baker_06 L7/H0",
   "hay_baker_07 L7/H0"
  ]
 },
 "bixby": {
  "c4_10": {
   "hay": 7
  },
  "all17": {
   "hay": 17
  },
  "margins": {
   "w1": -0.0598,
   "w2": -0.1477,
   "w3": -0.0559,
   "c3": -0.0021,
   "c4": -0.0138,
   "c5": -0.0392,
   "c6": -0.0777,
   "c7": -0.0913,
   "c8": -0.0899,
   "c9": -0.0935,
   "c10": -0.0993,
   "c11": -0.0852,
   "c12": -0.0694,
   "c13": -0.0643,
   "c14": -0.0501,
   "c15": -0.0417,
   "c16": -0.0303
  }
 }
}
