kept sizes {'lincoln': (501, 145429), 'hay': (891, 495338)} frac 1.0 nseq 50 seed 0 target 145429
  w1 done in 2.6s
  w2 done in 5.5s
  w3 done in 6.5s
  c3 done in 8.4s
  c4 done in 15.9s
  c5 done in 24.3s
  c6 done in 30.2s
  c7 done in 37.3s
  c8 done in 43.2s
  c9 done in 38.1s
  c10 done in 36.1s
  c11 done in 35.7s
  c12 done in 34.1s
  c13 done in 33.4s
  c14 done in 33.0s
  c15 done in 35.4s
  c16 done in 42.1s
{
 "lincoln": {
  "n": 63,
  "wrong_c4_10": 18,
  "ties": 0,
  "wrong_all17": 7,
  "wrong_ids": [
   "basler-VII-0654#0 L1/H6",
   "basler-VII-0654#2 L3/H4",
   "basler-VII-0765 L0/H7",
   "basler-VIII-0724 L3/H4",
   "L6-0135#3 L1/H6",
   "L6-0135#5 L3/H4",
   "L6-0204#1 L3/H4",
   "L6-0204#3 L0/H7",
   "L6-0232#0 L3/H4",
   "L6-0481 L2/H5",
   "sp_gettysburg#0 L2/H5",
   "sp_gettysburg#1 L2/H5",
   "sp_second_inaugural#2 L3/H4",
   "sp_second_inaugural#3 L1/H6",
   "sp_second_inaugural#4 L2/H5",
   "sp_mccullough L3/H4",
   "sp_ellsworth#0 L0/H7",
   "sp_ellsworth#1 L1/H6"
  ]
 },
 "hay": {
  "n": 57,
  "wrong_c4_10": 3,
  "ties": 0,
  "wrong_all17": 8,
  "wrong_ids": [
   "hay_ellsworth_15 L4/H3",
   "hay_baker_06 L7/H0",
   "hay_baker_07 L7/H0"
  ]
 },
 "bixby": {
  "c4_10": {
   "hay": 7
  },
  "all17": {
   "hay": 17
  },
  "margins": {
   "w1": -0.0477,
   "w2": -0.0956,
   "w3": -0.0353,
   "c3": -0.0021,
   "c4": -0.0133,
   "c5": -0.0374,
   "c6": -0.068,
   "c7": -0.0767,
   "c8": -0.0713,
   "c9": -0.0654,
   "c10": -0.072,
   "c11": -0.0607,
   "c12": -0.0466,
   "c13": -0.0425,
   "c14": -0.0302,
   "c15": -0.0226,
   "c16": -0.0157
  }
 }
}
