mine sizes {'lincoln': (580, 242957), 'hay': (891, 495338)} frac 0.95 nseq 20 seed 2 target 230809
  w1 done in 1.5s
  w2 done in 3.0s
  w3 done in 3.6s
  c3 done in 4.5s
  c4 done in 7.6s
  c5 done in 11.5s
  c6 done in 15.9s
  c7 done in 20.7s
  c8 done in 22.0s
  c9 done in 23.3s
  c10 done in 24.1s
  c11 done in 24.5s
  c12 done in 24.2s
  c13 done in 23.3s
  c14 done in 23.1s
  c15 done in 22.4s
  c16 done in 23.4s
{
 "lincoln": {
  "n": 63,
  "wrong_c4_10": 28,
  "ties": 0,
  "wrong_all17": 11,
  "wrong_ids": [
   "basler-VII-0654#0 L1/H6",
   "basler-VII-0654#2 L2/H5",
   "basler-VII-0654#4 L3/H4",
   "basler-VII-0765 L0/H7",
   "basler-VIII-0657 L3/H4",
   "L6-0134 L3/H4",
   "L6-0135#3 L1/H6",
   "L6-0135#5 L3/H4",
   "L6-0204#0 L3/H4",
   "L6-0204#3 L0/H7",
   "L6-0204#5 L3/H4",
   "L6-0232#0 L2/H5",
   "L6-0232#1 L3/H4",
   "L6-0294#0 L2/H5",
   "L6-0476 L3/H4",
   "L6-0481 L2/H5",
   "L7-0276#0 L3/H4",
   "L7-0276#1 L1/H6",
   "L7-0276#2 L3/H4",
   "sp_gettysburg#0 L2/H5",
   "sp_gettysburg#1 L1/H6",
   "sp_second_inaugural#2 L1/H6",
   "sp_second_inaugural#3 L1/H6",
   "sp_second_inaugural#4 L0/H7",
   "sp_mccullough L2/H5",
   "sp_ellsworth#0 L0/H7",
   "sp_ellsworth#1 L1/H6",
   "sp_gurney#0 L2/H5"
  ]
 },
 "hay": {
  "n": 57,
  "wrong_c4_10": 3,
  "ties": 0,
  "wrong_all17": 5,
  "wrong_ids": [
   "hay_ellsworth_15 L4/H3",
   "hay_baker_06 L5/H2",
   "hay_baker_07 L6/H1"
  ]
 },
 "bixby": {
  "c4_10": {
   "hay": 7
  },
  "all17": {
   "hay": 16,
   "tie": 1
  },
  "margins": {
   "w1": -0.0703,
   "w2": -0.1355,
   "w3": -0.0457,
   "c3": 0.0,
   "c4": -0.013,
   "c5": -0.0401,
   "c6": -0.0729,
   "c7": -0.09,
   "c8": -0.0956,
   "c9": -0.1008,
   "c10": -0.0963,
   "c11": -0.0765,
   "c12": -0.0507,
   "c13": -0.0447,
   "c14": -0.0307,
   "c15": -0.0245,
   "c16": -0.0177
  }
 }
}
