nodebates sizes {'lincoln': (561, 159173), 'hay': (891, 495338)} frac 1.0 nseq 50 seed 0 target 159173
  w1 done in 2.5s
  w2 done in 6.1s
  w3 done in 6.3s
  c3 done in 9.9s
  c4 done in 19.9s
  c5 done in 29.1s
  c6 done in 44.5s
  c7 done in 54.7s
  c8 done in 47.9s
  c9 done in 42.7s
  c10 done in 46.3s
  c11 done in 42.9s
  c12 done in 37.2s
  c13 done in 41.0s
  c14 done in 49.3s
  c15 done in 41.7s
  c16 done in 49.6s
{
 "lincoln": {
  "n": 63,
  "wrong_c4_10": 20,
  "ties": 0,
  "wrong_all17": 9,
  "wrong_ids": [
   "basler-VII-0654#0 L1/H6",
   "basler-VII-0654#2 L2/H5",
   "basler-VII-0765 L0/H7",
   "L6-0135#3 L2/H5",
   "L6-0135#5 L3/H4",
   "L6-0204#0 L3/H4",
   "L6-0204#1 L3/H4",
   "L6-0204#3 L0/H7",
   "L6-0232#0 L3/H4",
   "L6-0294#0 L3/H4",
   "L6-0481 L2/H5",
   "sp_gettysburg#0 L2/H5",
   "sp_gettysburg#1 L3/H4",
   "sp_second_inaugural#2 L1/H6",
   "sp_second_inaugural#3 L0/H7",
   "sp_second_inaugural#4 L1/H6",
   "sp_mccullough L3/H4",
   "sp_ellsworth#0 L0/H7",
   "sp_ellsworth#1 L1/H6",
   "sp_gurney#0 L3/H4"
  ]
 },
 "hay": {
  "n": 57,
  "wrong_c4_10": 3,
  "ties": 0,
  "wrong_all17": 7,
  "wrong_ids": [
   "hay_ellsworth_15 L4/H3",
   "hay_baker_06 L7/H0",
   "hay_baker_07 L7/H0"
  ]
 },
 "bixby": {
  "c4_10": {
   "hay": 7
  },
  "all17": {
   "hay": 17
  },
  "margins": {
   "w1": -0.0528,
   "w2": -0.0972,
   "w3": -0.0316,
   "c3": -0.0021,
   "c4": -0.0146,
   "c5": -0.0403,
   "c6": -0.0718,
   "c7": -0.0793,
   "c8": -0.0691,
   "c9": -0.0658,
   "c10": -0.068,
   "c11": -0.0539,
   "c12": -0.0386,
   "c13": -0.0323,
   "c14": -0.0189,
   "c15": -0.0141,
   "c16": -0.008
  }
 }
}
