ownhand sizes {'lincoln': (1883, 125268), 'hay': (150, 53146)} target 50488
  w1 done in 0.5s
  w2 done in 0.9s
  w3 done in 1.0s
  c3 done in 1.6s
  c4 done in 2.7s
  c5 done in 4.1s
  c6 done in 5.0s
  c7 done in 6.2s
  c8 done in 5.9s
  c9 done in 6.9s
  c10 done in 7.2s
  c11 done in 6.5s
  c12 done in 7.1s
  c13 done in 6.5s
  c14 done in 6.9s
  c15 done in 6.3s
  c16 done in 7.4s
{
 "specials": {
  "c3": {
   "null": {
    "hay": 1
   },
   "lincoln": {
    "lincoln": 2,
    "hay": 3
   },
   "hay_for_lincoln": {
    "lincoln": 1,
    "hay": 3
   },
   "hay": {
    "hay": 1
   }
  },
  "c4": {
   "null": {
    "hay": 1
   },
   "lincoln": {
    "lincoln": 1,
    "hay": 4
   },
   "hay_for_lincoln": {
    "lincoln": 2,
    "hay": 2
   },
   "hay": {
    "hay": 1
   }
  },
  "c5": {
   "null": {
    "hay": 1
   },
   "lincoln": {
    "hay": 5
   },
   "hay_for_lincoln": {
    "lincoln": 2,
    "hay": 2
   },
   "hay": {
    "hay": 1
   }
  },
  "c6": {
   "null": {
    "hay": 1
   },
   "lincoln": {
    "hay": 5
   },
   "hay_for_lincoln": {
    "lincoln": 2,
    "hay": 2
   },
   "hay": {
    "hay": 1
   }
  },
  "c7": {
   "null": {
    "hay": 1
   },
   "lincoln": {
    "lincoln": 3,
    "hay": 2
   },
   "hay_for_lincoln": {
    "lincoln": 2,
    "hay": 2
   },
   "hay": {
    "hay": 1
   }
  },
  "c8": {
   "null": {
    "hay": 1
   },
   "lincoln": {
    "lincoln": 4,
    "hay": 1
   },
   "hay_for_lincoln": {
    "lincoln": 4
   },
   "hay": {
    "lincoln": 1
   }
  },
  "c9": {
   "null": {
    "lincoln": 1
   },
   "lincoln": {
    "lincoln": 5
   },
   "hay_for_lincoln": {
    "lincoln": 3,
    "hay": 1
   },
   "hay": {
    "lincoln": 1
   }
  },
  "c10": {
   "null": {
    "hay": 1
   },
   "lincoln": {
    "lincoln": 5
   },
   "hay_for_lincoln": {
    "lincoln": 3,
    "hay": 1
   },
   "hay": {
    "lincoln": 1
   }
  },
  "c11": {
   "null": {
    "hay": 1
   },
   "lincoln": {
    "lincoln": 5
   },
   "hay_for_lincoln": {
    "lincoln": 3,
    "hay": 1
   },
   "hay": {
    "lincoln": 1
   }
  },
  "c12": {
   "null": {
    "hay": 1
   },
   "lincoln": {
    "lincoln": 5
   },
   "hay_for_lincoln": {
    "lincoln": 3,
    "hay": 1
   },
   "hay": {
    "lincoln": 1
   }
  },
  "c13": {
   "null": {
    "lincoln": 1
   },
   "lincoln": {
    "lincoln": 5
   },
   "hay_for_lincoln": {
    "lincoln": 3,
    "hay": 1
   },
   "hay": {
    "lincoln": 1
   }
  },
  "c14": {
   "null": {
    "lincoln": 1
   },
   "lincoln": {
    "lincoln": 5
   },
   "hay_for_lincoln": {
    "lincoln": 3,
    "hay": 1
   },
   "hay": {
    "lincoln": 1
   }
  },
  "c15": {
   "null": {
    "lincoln": 1
   },
   "lincoln": {
    "lincoln": 5
   },
   "hay_for_lincoln": {
    "lincoln": 3,
    "hay": 1
   },
   "hay": {
    "hay": 1
   }
  },
  "c16": {
   "null": {
    "lincoln": 1
   },
   "lincoln": {
    "lincoln": 4,
    "hay": 1
   },
   "hay_for_lincoln": {
    "lincoln": 3,
    "hay": 1
   },
   "hay": {
    "hay": 1
   }
  },
  "w1": {
   "null": {
    "hay": 1
   },
   "lincoln": {
    "lincoln": 1,
    "hay": 4
   },
   "hay_for_lincoln": {
    "lincoln": 2,
    "hay": 2
   },
   "hay": {
    "hay": 1
   }
  },
  "w2": {
   "null": {
    "lincoln": 1
   },
   "lincoln": {
    "lincoln": 4,
    "hay": 1
   },
   "hay_for_lincoln": {
    "lincoln": 4
   },
   "hay": {
    "lincoln": 1
   }
  },
  "w3": {
   "null": {
    "lincoln": 1
   },
   "lincoln": {
    "lincoln": 5
   },
   "hay_for_lincoln": {
    "lincoln": 3,
    "hay": 1
   },
   "hay": {
    "lincoln": 1
   }
  },
  "vote_c4-10": {
   "null": {
    "hay": 1
   },
   "lincoln": {
    "lincoln": 3,
    "hay": 2
   },
   "hay_for_lincoln": {
    "lincoln": 2,
    "hay": 2
   },
   "hay": {
    "hay": 1
   }
  }
 }
}
